C:\Users\aseervatham\Documents\MCUXpressoIDE_11.5.0_7232\WorkSpace_Ipgn\IPGN\CMSIS/core_cm4.h:1679:22:__NVIC_EnableIRQ	16	static
C:\Users\aseervatham\Documents\MCUXpressoIDE_11.5.0_7232\WorkSpace_Ipgn\IPGN\CMSIS/core_cm4.h:1809:22:__NVIC_SetPriority	16	static
C:\Users\aseervatham\Documents\MCUXpressoIDE_11.5.0_7232\WorkSpace_Ipgn\IPGN\drivers/fsl_common_arm.h:488:24:EnableIRQ	24	static
C:\Users\aseervatham\Documents\MCUXpressoIDE_11.5.0_7232\WorkSpace_Ipgn\IPGN\drivers/fsl_ftm.h:648:20:FTM_SetTimerPeriod	16	static
C:\Users\aseervatham\Documents\MCUXpressoIDE_11.5.0_7232\WorkSpace_Ipgn\IPGN\drivers/fsl_ftm.h:700:20:FTM_StartTimer	24	static
../board/peripherals.c:107:13:FTM1_init	8	static
../board/peripherals.c:206:13:FTM2_init	16	static
../board/peripherals.c:249:13:I2C1_init	8	static
../board/peripherals.c:311:13:SPI0_init	8	static
../board/peripherals.c:374:13:UART0_init	8	static
../board/peripherals.c:436:13:WDOG_init	8	static
../board/peripherals.c:534:13:FTM0_init	8	static
../board/peripherals.c:544:6:BOARD_InitPeripherals	8	static
../board/peripherals.c:559:6:BOARD_InitBootPeripherals	8	static
