C:\Users\aseervatham\Documents\MCUXpressoIDE_11.5.0_7232\WorkSpace_Ipgn\IPGN\drivers/fsl_ftm.h:700:20:FTM_StartTimer	24	static
../CA_Src/DRV/HDW_TIMER/drv_hdw_timer.c:83:6:FTM2_IRQHandler	24	static
../CA_Src/DRV/HDW_TIMER/drv_hdw_timer.c:117:13:voTimer_Process	16	static
../CA_Src/DRV/HDW_TIMER/drv_hdw_timer.c:170:16:DrvHdwTimer_Register	32	static
../CA_Src/DRV/HDW_TIMER/drv_hdw_timer.c:272:16:DrvHdwTimer_DeRegister	24	static
../CA_Src/DRV/HDW_TIMER/drv_hdw_timer.c:349:9:DrvHdwTimer_SetDelayAndWait	24	static
../CA_Src/DRV/HDW_TIMER/drv_hdw_timer.c:364:9:DrvHdwTimer_RegisterPeriodicEvent	24	static
../CA_Src/DRV/HDW_TIMER/drv_hdw_timer.c:374:9:DrvHdwTimer_RegisterPeriodic500us	24	static
../CA_Src/DRV/HDW_TIMER/drv_hdw_timer.c:395:9:DrvHdwTimer_DeRegisterPeriodic500us	16	static
../CA_Src/DRV/HDW_TIMER/drv_hdw_timer.c:411:6:voDrvHdwTimer_Init	8	static
