C:\Users\aseervatham\Documents\MCUXpressoIDE_11.5.0_7232\WorkSpace_Ipgn\IPGN\CMSIS/core_cm4.h:1679:22:__NVIC_EnableIRQ	16	static
C:\Users\aseervatham\Documents\MCUXpressoIDE_11.5.0_7232\WorkSpace_Ipgn\IPGN\CMSIS/core_cm4.h:1717:22:__NVIC_DisableIRQ	16	static
C:\Users\aseervatham\Documents\MCUXpressoIDE_11.5.0_7232\WorkSpace_Ipgn\IPGN\CMSIS/core_cm4.h:1809:22:__NVIC_SetPriority	16	static
C:\Users\aseervatham\Documents\MCUXpressoIDE_11.5.0_7232\WorkSpace_Ipgn\IPGN\drivers/fsl_common_arm.h:488:24:EnableIRQ	24	static
C:\Users\aseervatham\Documents\MCUXpressoIDE_11.5.0_7232\WorkSpace_Ipgn\IPGN\drivers/fsl_common_arm.h:532:24:DisableIRQ	24	static
C:\Users\aseervatham\Documents\MCUXpressoIDE_11.5.0_7232\WorkSpace_Ipgn\IPGN\drivers/fsl_ftm.h:648:20:FTM_SetTimerPeriod	16	static
C:\Users\aseervatham\Documents\MCUXpressoIDE_11.5.0_7232\WorkSpace_Ipgn\IPGN\drivers/fsl_ftm.h:700:20:FTM_StartTimer	24	static
C:\Users\aseervatham\Documents\MCUXpressoIDE_11.5.0_7232\WorkSpace_Ipgn\IPGN\drivers/fsl_ftm.h:714:20:FTM_StopTimer	16	static
../CA_Src/DRV/SERIAL/drv_bsp_uart.c:66:6:UART0_RX_TX_IRQHandler	24	static
../CA_Src/DRV/SERIAL/drv_bsp_uart.c:112:6:FTM1_IRQHandler	16	static
../CA_Src/DRV/SERIAL/drv_bsp_uart.c:138:17:u32GetBaudrate_Specific	64	static
../CA_Src/DRV/SERIAL/drv_bsp_uart.c:156:16:u8GetParity_Specific	24	static
../CA_Src/DRV/SERIAL/drv_bsp_uart.c:170:16:u8GetStopBits_Specific	24	static
../CA_Src/DRV/SERIAL/drv_bsp_uart.c:182:13:voGetUartCfg_Specific	16	static
../CA_Src/DRV/SERIAL/drv_bsp_uart.c:214:9:DrvBspUart_Open	24	static
../CA_Src/DRV/SERIAL/drv_bsp_uart.c:267:9:DrvBspUart_Close	16	static
../CA_Src/DRV/SERIAL/drv_bsp_uart.c:285:9:DrvBspUart_Write	24	static
../CA_Src/DRV/SERIAL/drv_bsp_uart.c:302:9:DrvBspUart_GetRxLevel	24	static
../CA_Src/DRV/SERIAL/drv_bsp_uart.c:330:6:DrvBspUart_SetTimeAndStartTimer	24	static
../CA_Src/DRV/SERIAL/drv_bsp_uart.c:341:6:DrvBspUart_StopTimer	16	static
../CA_Src/DRV/SERIAL/drv_bsp_uart.c:346:9:DrvBspUart_GetNbOfDataInFifo	16	static
../CA_Src/DRV/SERIAL/drv_bsp_uart.c:352:10:DrvBspUart_GetModBusTimeout	24	static
