C:\Users\aseervatham\Documents\MCUXpressoIDE_11.5.0_7232\WorkSpace_Ipgn\IPGN\drivers/fsl_ftm.h:666:24:FTM_GetCurrentTimerCount	16	static
C:\Users\aseervatham\Documents\MCUXpressoIDE_11.5.0_7232\WorkSpace_Ipgn\IPGN\CA_Src\DRV\FLEX_TIMER/drv_flex_timer.h:36:24:u32DrvFlexTimer_GetTimerCount	8	static
../CA_Src/CORE/core_voltmetre.c:153:13:VOLT_Etalonnage	24	static
../CA_Src/CORE/core_voltmetre.c:228:14:f32_VOLT_Calcul_U	32	static
../CA_Src/CORE/core_voltmetre.c:324:6:voCoreVoltmetre_Init	8	static
../CA_Src/CORE/core_voltmetre.c:340:6:voCoreVoltmetre_ProcessIt	16	static
../CA_Src/CORE/core_voltmetre.c:455:6:voCoreVoltmetre_Process	16	static
../CA_Src/CORE/core_voltmetre.c:476:6:voCoreVoltmetre_GetMeasure	16	static
../CA_Src/CORE/core_voltmetre.c:481:8:s8CoreVoltmetre_SetEtalonnage	24	static
