C:\Users\aseervatham\Documents\MCUXpressoIDE_11.4.0_6237\workspace\IPGN\drivers/fsl_ftm.h:700:20:FTM_StartTimer	24	static
../CA_Src/DRV/MsDlyTmr/drv_msDlyTmr.c:86:6:FTM2_IRQHandler	24	static
../CA_Src/DRV/MsDlyTmr/drv_msDlyTmr.c:123:13:vo1MsPeriodicTimer_Cb	16	static
../CA_Src/DRV/MsDlyTmr/drv_msDlyTmr.c:149:13:voMilliSecTimer_Cb	24	static
../CA_Src/DRV/MsDlyTmr/drv_msDlyTmr.c:204:6:voDrvMsDlyTmr_Init	8	static
../CA_Src/DRV/MsDlyTmr/drv_msDlyTmr.c:215:9:DrvMsDlyTmr_SetDelayAndWait	24	static
../CA_Src/DRV/MsDlyTmr/drv_msDlyTmr.c:253:9:DrvMsDlyTmr_RegisterPeriodicEvent	24	static
../CA_Src/DRV/MsDlyTmr/drv_msDlyTmr.c:298:9:DrvMsDlyTmr_Register1MsPeriodic	24	static
../CA_Src/DRV/MsDlyTmr/drv_msDlyTmr.c:333:9:DrvMsDlyTmr_DeRegister1MsPeriodic	24	static
../CA_Src/DRV/MsDlyTmr/drv_msDlyTmr.c:354:13:vo1MsPeriodicTimer_Init	16	static
