../CA_Src/COMMON/common_function.c:45:9:CmonFct_ByteToHexAscii	24	static
../CA_Src/COMMON/common_function.c:65:10:CmonFct_HexAsciiToInt	24	static
../CA_Src/COMMON/common_function.c:105:9:CmonFct_BcdToBin	16	static
../CA_Src/COMMON/common_function.c:123:9:CmonFct_BinToBcd	24	static
../CA_Src/COMMON/common_function.c:148:9:CmonFct_FileName_Get	32	static
../CA_Src/COMMON/common_function.c:178:9:CmonFct_FileNameExt_Get	32	static
../CA_Src/COMMON/common_function.c:207:10:CmonFct_powerOfTen	24	static
../CA_Src/COMMON/common_function.c:232:9:CmonFct_NumberToString	32	static
../CA_Src/COMMON/common_function.c:272:6:RemoveZeroFromStringNumber	24	static
../CA_Src/COMMON/common_function.c:305:9:CmonFct_NumberToDecimalString	88	static
../CA_Src/COMMON/common_function.c:394:9:CmonFct_TimeOut	32	static
../CA_Src/COMMON/common_function.c:420:6:CmonFct_SwapLittleBigEndian	40	static
../CA_Src/COMMON/common_function.c:444:6:CmonFct_SwapLittleBigEndianVar	24	static
../CA_Src/COMMON/common_function.c:468:10:CmonFct_StrLen	24	static
../CA_Src/COMMON/common_function.c:477:10:CmonFct_StrLenN	24	static
../CA_Src/COMMON/common_function.c:507:9:CmonFct_StrCmpN	40	static
../CA_Src/COMMON/common_function.c:548:9:CmonFct_IpAdrLongToString	32	static
../CA_Src/COMMON/common_function.c:583:44:cmon_U16ToU8ArrayMSB	24	static
../CA_Src/COMMON/common_function.c:590:44:cmon_U16ToU8ArrayLSB	24	static
../CA_Src/COMMON/common_function.c:609:44:cmon_U32ToU8ArrayMSB	24	static
../CA_Src/COMMON/common_function.c:618:44:cmon_U32ToU8ArrayLSB	24	static
../CA_Src/COMMON/common_function.c:639:48:cmon_U8ArrayToU32MSB	24	static
../CA_Src/COMMON/common_function.c:652:48:cmon_U8ArrayToU32LSB	24	static
../CA_Src/COMMON/common_function.c:665:48:cmon_U8ArrayToU16MSB	24	static
../CA_Src/COMMON/common_function.c:676:48:cmon_U8ArrayToU16LSB	24	static
../CA_Src/COMMON/common_function.c:698:48:cmon_U8ToU32	24	static
../CA_Src/COMMON/common_function.c:724:9:cmon_s32RoundFloatToInt	24	static
